4:2: unexpected space after (
4:4: unexpected space before )
