19:1: indent too small
20:1: indent too small
21:1: indent too small
