11:1: indent too small
12:1: indent too small
19:1: indent too small
20:1: indent too small
21:1: indent too small
30:1: indent too small
