5:1: indent too deep
6:1: indent too deep
7:1: indent too deep
15:1: indent too deep
16:1: indent too deep
17:1: indent too deep
27:1: indent too deep
28:1: indent too deep
29:1: indent too deep
