6:1: tabs and spaces mixed
7:1: tabs found, spaces expected
