4:1: line too long
21:25: maximal nesting depth exceeded
32:1: redundant newline
