3:19: two or more expressions at one line
3:26: two or more expressions at one line
