3:11: two or more expressions at one line
3:26: two or more expressions at one line
3:31: two or more expressions at one line
4:14: two or more expressions at one line
5:32: two or more expressions at one line
5:46: two or more expressions at one line
