18:5: name qwerty_1 is not of style camel
19:5: name Qwerty2 is not of style camel
21:5: name QWERTY_FOUR is not of style camel
22:5: name Querty_5 is not of style camel
