18:5: name qwerty_1 is not of style caps_underscore
19:5: name Qwerty2 is not of style caps_underscore
20:5: name qwertyThree is not of style caps_underscore
22:5: name Querty_5 is not of style caps_underscore
