32:5: name avada_kedavra not of style camel
34:5: name AvadaKedavra not of style camel
35:5: name AVADA_KEDAVRA not of style camel
36:5: name 111avada_kenTavra not of style camel
