33:5: name avadaKedavra not of style underscore
34:5: name AvadaKedavra not of style underscore
35:5: name AVADA_KEDAVRA not of style underscore
36:5: name 111avada_kenTavra not of style underscore
