32:5: name avada_kedavra is not of style caps_underscore
33:5: name avadaKedavra is not of style caps_underscore
34:5: name AvadaKedavra is not of style caps_underscore
36:5: name 111avada_kenTavra is not of style caps_underscore
