18:5: name qwerty_1 is not of style pascal
20:5: name qwertyThree is not of style pascal
21:5: name QWERTY_FOUR is not of style pascal
22:5: name Querty_5 is not of style pascal
