32:5: name avada_kedavra is not of style pascal
33:5: name avadaKedavra is not of style pascal
35:5: name AVADA_KEDAVRA is not of style pascal
36:5: name 111avada_kenTavra is not of style pascal
