19:5: name Qwerty2 is not of style underscore
20:5: name qwertyThree is not of style underscore
21:5: name QWERTY_FOUR is not of style underscore
22:5: name Querty_5 is not of style underscore
