7:16: more than one whitespace
8:37: more than one whitespace
8:45: trailing whitespaces
9:37: more than one whitespace
