2:12: unexpected space after [
2:20: unexpected space before ]
5:17: no space after {
5:25: unexpected space after (
5:27: unexpected space before )
5:29: no space before }
