5:8: no space after (
5:10: unexpected space after [
5:12: unexpected space before ]
