10:3: begin is at new line
15:5: begin is at new line
