2:1: indent too small
5:1: indent too small
6:1: indent too small
7:1: indent too small
9:1: indent too small
10:1: indent too small
11:1: indent too small
15:1: indent too small
28:1: indent too small
29:1: indent too small
