14:1: indent too deep
17:1: indent too deep
19:1: indent too deep
22:1: indent too deep
23:1: indent too deep
31:1: indent too deep
32:1: indent too deep
33:1: indent too deep
