13:1: indent too small
14:1: indent too small
16:1: indent too small
18:1: indent too small
