2:1: tabs and spaces mixed
8:1: indent too small
10:1: indent too deep
11:1: spaces expected, tabs found
