6:1: indent too small
11:1: indent too deep
16:1: indent too small
