10:25: maximal nesting depth exceeded
11:1: line too long
15:1: redundant newline
