5:22: two or more expressions at one line
6:17: two or more expressions at one line
6:30: two or more expressions at one line
6:35: two or more expressions at one line
