4:11: two or more expressions at one line
4:43: two or more expressions at one line
