23:3: name PascalClass is not of style camel
30:3: name underscore_type is not of style camel
31:3: name CAPS_UNDERSCORE_TYPE is not of style camel
