19:3: name camelRecord is not of style caps_underscore
23:3: name PascalClass is not of style caps_underscore
30:3: name underscore_type is not of style caps_underscore
