1:10: name camelStyle is not of style pascal
3:10: name underscore_style is not of style pascal
4:10: name CAPS_UNDERSCORE_STYLE is not of style pascal
13:11: name oCamel is not of style pascal
15:11: name un_sco is not of style pascal
16:11: name CAPS_UN_SCO is not of style pascal
