6:3: name caMel is not of style underscore
7:3: name Pascal is not of style underscore
9:3: name CAPS_UNDERSCORE is not of style underscore
34:3: name caMel is not of style underscore
35:3: name Pascal is not of style underscore
37:3: name CAPS_UNDERSCORE is not of style underscore
