7:3: name Pascal is not of style camel
8:3: name under_score is not of style camel
9:3: name CAPS_UNDERSCORE is not of style camel
35:3: name Pascal is not of style camel
36:3: name under_score is not of style camel
37:3: name CAPS_UNDERSCORE is not of style camel
