19:3: name camelRecord is not of style underscore
23:3: name PascalClass is not of style underscore
31:3: name CAPS_UNDERSCORE_TYPE is not of style underscore
