19:3: name camelRecord is not of style pascal
30:3: name underscore_type is not of style pascal
31:3: name CAPS_UNDERSCORE_TYPE is not of style pascal
