3:6: trailing whitespaces
5:9: more than one whitespace
6:9: more than one whitespace
