2:13: no space after [
2:16: no space before ]
5:7: no space after (
5:9: no space after [
5:9: no space before ]
5:16: no space after [
5:16: no space before ]
5:17: no space before )
