3:13: no space after [
3:16: no space before ]
5:9: no space after [
5:9: no space before ]
5:16: no space after [
5:16: no space before ]
5:24: unexpected space after (
5:40: unexpected space before )
