3:13: unexpected space after [
3:18: unexpected space before ]
5:7: no space after (
5:17: no space before )
5:27: unexpected space after [
5:29: unexpected space before ]
5:36: unexpected space after [
5:38: unexpected space before ]
